<?xml version="1.0" encoding="UTF-8"?>
<FencingData Version="4.0" Context="PreReg" xmlns="http://www.askfred.net" xmlns:ft="http://www.fencingtime.com" xmlns:xsi="http://www.w3.org/2001/XMLSchema-instance">
	<FencerDatabase>
    <Fencer FencerID="5969" FirstName="Martin" LastName="Gravis" ClubID1="251" ClubID2="1095"  DivisionID="12" BirthYear="1952" Gender="M" >
      <Membership Org='USFA'>100067063</Membership>
      <Rating Org="USFA" Weapon="Foil">U</Rating>
      <Rating Org="USFA" Weapon="Epee">E2021</Rating>
      <Rating Org="USFA" Weapon="Saber">E2023</Rating>
    </Fencer>
    <Fencer FencerID="92187" FirstName="Ethan" LastName="Ashby" ClubID1="11189"   DivisionID="12" BirthYear="2004" Gender="M" >
      <Membership Org='USFA'>100158071</Membership>
      <Rating Org="USFA" Weapon="Foil">U</Rating>
      <Rating Org="USFA" Weapon="Epee">U</Rating>
      <Rating Org="USFA" Weapon="Saber">D2024</Rating>
    </Fencer>
    <Fencer FencerID="10024658" FirstName="Liam" LastName="Vespremi" ClubID1="1"   DivisionID="12" BirthYear="2009" Gender="M" >
      <Membership Org='USFA'>101034794</Membership>
      <Rating Org="USFA" Weapon="Foil">U</Rating>
      <Rating Org="USFA" Weapon="Epee">U</Rating>
      <Rating Org="USFA" Weapon="Saber">U</Rating>
    </Fencer>
    <Fencer FencerID="10016256" FirstName="Liam" LastName="Pendleton" ClubID1="10000358"   DivisionID="12" BirthYear="2009" Gender="M" >
      <Membership Org='USFA'>100352337</Membership>
      <Rating Org="USFA" Weapon="Foil">U</Rating>
      <Rating Org="USFA" Weapon="Epee">U</Rating>
      <Rating Org="USFA" Weapon="Saber">U</Rating>
    </Fencer>
    <Fencer FencerID="10020039" FirstName="Kyle" LastName="Rusak" ClubID1="10000358"   DivisionID="12" BirthYear="1999" Gender="M" >
      <Membership Org='USFA'>100771689</Membership>
      <Rating Org="USFA" Weapon="Foil">U</Rating>
      <Rating Org="USFA" Weapon="Epee">U</Rating>
      <Rating Org="USFA" Weapon="Saber">U</Rating>
    </Fencer>
    <Fencer FencerID="10008196" FirstName="Westin" LastName="Dittmer" ClubID1="10000358"   DivisionID="12" BirthYear="2010" Gender="M" >
      <Membership Org='USFA'>100341442</Membership>
      <Rating Org="USFA" Weapon="Foil">U</Rating>
      <Rating Org="USFA" Weapon="Epee">U</Rating>
      <Rating Org="USFA" Weapon="Saber">U</Rating>
    </Fencer>
    <Fencer FencerID="10024905" FirstName="William" LastName="Bomber" ClubID1="1"   DivisionID="12" BirthYear="2006" Gender="M" >
      <Membership Org='USFA'>100980927</Membership>
      <Rating Org="USFA" Weapon="Foil">U</Rating>
      <Rating Org="USFA" Weapon="Epee">U</Rating>
      <Rating Org="USFA" Weapon="Saber">U</Rating>
    </Fencer>
    <Fencer FencerID="10008658" FirstName="Owen" LastName="VandenAkker" ClubID1="10000358"   DivisionID="12" BirthYear="2008" Gender="M" >
      <Membership Org='USFA'>100309697</Membership>
      <Rating Org="USFA" Weapon="Foil">U</Rating>
      <Rating Org="USFA" Weapon="Epee">U</Rating>
      <Rating Org="USFA" Weapon="Saber">U</Rating>
    </Fencer>
    <Fencer FencerID="152542" FirstName="Aadi" LastName="Mishra" ClubID1="10901" ClubID2="11189"  DivisionID="12" BirthYear="2008" Gender="M" >
      <Membership Org='USFA'>100239099</Membership>
      <Rating Org="USFA" Weapon="Foil">U</Rating>
      <Rating Org="USFA" Weapon="Epee">U</Rating>
      <Rating Org="USFA" Weapon="Saber">D2024</Rating>
    </Fencer>
    <Fencer FencerID="113680" FirstName="Abby" LastName="Whitesides" ClubID1="251"   DivisionID="12" BirthYear="2006" Gender="F" >
      <Membership Org='USFA'>100181208</Membership>
      <Rating Org="USFA" Weapon="Foil">E2022</Rating>
      <Rating Org="USFA" Weapon="Epee">U</Rating>
      <Rating Org="USFA" Weapon="Saber">E2021</Rating>
    </Fencer>
    <Fencer FencerID="10010068" FirstName="Lincoln" LastName="Tsai" ClubID1="10000358"   DivisionID="12" BirthYear="2008" Gender="M" >
      <Membership Org='USFA'>100313902</Membership>
      <Rating Org="USFA" Weapon="Foil">U</Rating>
      <Rating Org="USFA" Weapon="Epee">U</Rating>
      <Rating Org="USFA" Weapon="Saber">U</Rating>
    </Fencer>
    <Fencer FencerID="160192" FirstName="Agnieszka" LastName="Boyd" ClubID1="11189"   DivisionID="12" BirthYear="2009" Gender="F" >
      <Membership Org='USFA'>100247909</Membership>
      <Rating Org="USFA" Weapon="Foil">U</Rating>
      <Rating Org="USFA" Weapon="Epee">U</Rating>
      <Rating Org="USFA" Weapon="Saber">U</Rating>
    </Fencer>
    <Fencer FencerID="10019813" FirstName="Justen" LastName="Ortiz" ClubID1="10000358"   DivisionID="12" BirthYear="1987" Gender="M" >
      <Membership Org='USFA'>100662176</Membership>
      <Rating Org="USFA" Weapon="Foil">U</Rating>
      <Rating Org="USFA" Weapon="Epee">U</Rating>
      <Rating Org="USFA" Weapon="Saber">U</Rating>
    </Fencer>
    <Fencer FencerID="10021850" FirstName="Rhys" LastName="Hague-Smith" ClubID1="11189"   DivisionID="69" BirthYear="2010" Gender="M" >
      <Rating Org="USFA" Weapon="Foil">U</Rating>
      <Rating Org="USFA" Weapon="Epee">U</Rating>
      <Rating Org="USFA" Weapon="Saber">U</Rating>
    </Fencer>
    <Fencer FencerID="10021899" FirstName="Erik Carter" LastName="Stromness" ClubID1="1"   DivisionID="12" BirthYear="2008" Gender="M" >
      <Membership Org='USFA'>100569297</Membership>
      <Rating Org="USFA" Weapon="Foil">U</Rating>
      <Rating Org="USFA" Weapon="Epee">U</Rating>
      <Rating Org="USFA" Weapon="Saber">U</Rating>
    </Fencer>
    <Fencer FencerID="10022677" FirstName="Ellis" LastName="Rygg" ClubID1="1"   DivisionID="12" BirthYear="1976" Gender="M" >
      <Membership Org='USFA'>100864072</Membership>
      <Rating Org="USFA" Weapon="Foil">U</Rating>
      <Rating Org="USFA" Weapon="Epee">U</Rating>
      <Rating Org="USFA" Weapon="Saber">U</Rating>
    </Fencer>
	</FencerDatabase>
	<TeamDatabase>
	</TeamDatabase>
	<ClubDatabase>
    <Club ClubID="251" Name="Wasatch Fencing" DivisionID="12" Abbreviation="Wasatch" City="" State=""  />
    <Club ClubID="11189" Name="Salt City Swords Fencing Club" DivisionID="12" Abbreviation="SCSFC" City="" State=""  />
    <Club ClubID="1" Name="Unattached (or Unknown)" DivisionID="69" Abbreviation="UNAT" City="" State=""  />
    <Club ClubID="10000358" Name="Salt City Swords Fencing Club" DivisionID="69" Abbreviation="SCSwords" City="" State=""  />
    <Club ClubID="10901" Name="Valkyrie Fencing Club" DivisionID="12" Abbreviation="VFC" City="" State=""  />
    <Club ClubID="1095" Name="Schoolhouse Fencing" DivisionID="12" Abbreviation="SHF" City="" State=""  />
	</ClubDatabase>
	<Tournament TournamentID="10006559" Name="Salt City Swords November Tournament" Location="Salt City Swords Fencing Club" StartDate="2024-11-09" EndDate="2024-11-09" Fee="0.00" FeeCurrency="USD" >
    <Event EventID="10045654" EventDateTime="2024-11-09 14:00:00" Weapon="Saber" Gender="Mixed" EnforceGender="False" AgeLimitMin="Senior" AgeLimitMax="Senior" EnforceAge="False" RatingLimit="Open" EnforceRating="False" Description="" IsTeam="False" Fee="0.00" FeeCurrency="USD" >
      <PreReg CompetitorID="10008658" EventFeePaid="" TournamentFeePaid="" />
      <PreReg CompetitorID="10008196" EventFeePaid="" TournamentFeePaid="" />
      <PreReg CompetitorID="113680" EventFeePaid="" TournamentFeePaid="" />
      <PreReg CompetitorID="152542" EventFeePaid="" TournamentFeePaid="" />
      <PreReg CompetitorID="5969" EventFeePaid="" TournamentFeePaid="" />
      <PreReg CompetitorID="92187" EventFeePaid="" TournamentFeePaid="" />
      <PreReg CompetitorID="10024658" EventFeePaid="" TournamentFeePaid="" />
      <PreReg CompetitorID="10024905" EventFeePaid="" TournamentFeePaid="" />
      <PreReg CompetitorID="10016256" EventFeePaid="" TournamentFeePaid="" />
      <PreReg CompetitorID="10019813" EventFeePaid="" TournamentFeePaid="" />
      <PreReg CompetitorID="10021850" EventFeePaid="" TournamentFeePaid="" />
      <PreReg CompetitorID="10022677" EventFeePaid="" TournamentFeePaid="" />
      <PreReg CompetitorID="10021899" EventFeePaid="" TournamentFeePaid="" />
      <PreReg CompetitorID="10010068" EventFeePaid="" TournamentFeePaid="" />
      <PreReg CompetitorID="10020039" EventFeePaid="" TournamentFeePaid="" />
      <PreReg CompetitorID="160192" EventFeePaid="" TournamentFeePaid="" />
    </Event>
	</Tournament>
</FencingData>   
